// Jest Snapshot v1, https://goo.gl/fbAQLP

exports[`Generate Content URL Handles overrides correctly 1`] = `"https://cdn.builder.io/api/v2/content/page?apiKey=YJIGb4i01jvw0SRdL5Bt&limit=1&noTraverse=false&cachebust=true&noCache=true&overrides.037948e52eaf4743afed464f02c70da4=037948e52eaf4743afed464f02c70da4&overrides.page=037948e52eaf4743afed464f02c70da4&overrides.page%3A%2F=037948e52eaf4743afed464f02c70da4&preview=page&query.id=%22c1b81bab59704599b997574eb0736def%22"`;

exports[`Generate Content URL generates the proper value for a simple query 1`] = `"https://cdn.builder.io/api/v2/content/page?apiKey=YJIGb4i01jvw0SRdL5Bt&limit=1&noTraverse=false&query.id=%22c1b81bab59704599b997574eb0736def%22"`;
