// Jest Snapshot v1, https://goo.gl/fbAQLP

exports[`Get Builder SearchParams correctly converts URLSearchParams to object 1`] = `
Object {
  "__builder_editing__": "true",
  "abc": "klfdjklgfds",
  "builder.cachebust": "true",
  "builder.noCache": "true",
  "builder.overrides.037948e52eaf4743afed464f02c70da4": "037948e52eaf4743afed464f02c70da4",
  "builder.overrides.page": "037948e52eaf4743afed464f02c70da4",
  "builder.overrides.page:/": "037948e52eaf4743afed464f02c70da4",
  "builder.preview": "page",
  "preview_theme_id": "128854393017",
  "someotherValue": "jklsjfdal",
}
`;

exports[`Get Builder SearchParams correctly extracts all builder params from a query object 1`] = `
Object {
  "cachebust": "true",
  "noCache": "true",
  "overrides.037948e52eaf4743afed464f02c70da4": "037948e52eaf4743afed464f02c70da4",
  "overrides.page": "037948e52eaf4743afed464f02c70da4",
  "overrides.page:/": "037948e52eaf4743afed464f02c70da4",
  "preview": "page",
}
`;
