// Jest Snapshot v1, https://goo.gl/fbAQLP

exports[`validation throws on an invalid templates path 1`] = `"@builder.io/gatsby requires a valid template path for each model"`;

exports[`validation throws on missing public API Key 1`] = `"@builder.io/gatsby requires a public API Key"`;
