// Vitest Snapshot v1, https://vitest.dev/guide/snapshot.html

exports[`getSimpleExpressionGetPath > returns the path from "return state.foo.bar" 1`] = `"foo.bar"`;

exports[`getSimpleExpressionGetPath > returns the path from "return state.foo.bar;" 1`] = `"foo.bar"`;

exports[`getSimpleExpressionGetPath > returns the path from "state.foo.bar" 1`] = `"foo.bar"`;

exports[`getSimpleExpressionGetPath > returns the path from "state.foo.bar;" 1`] = `"foo.bar"`;

exports[`getSimpleExpressionGetPath > returns the path from "var _virtual_index=state.foo.bar ;return _virtual_index" 1`] = `"foo.bar"`;

exports[`getSimpleExpressionGetPath > returns the path from "var _virtual_index=state.foo.bar;return _virtual_index" 1`] = `"foo.bar"`;
